------------------------------------------------------------
Timing Analyzer Summary
------------------------------------------------------------

Type  : Slow 1100mV 85C Model Setup 'clock'
Slack : -22.967
TNS   : -1978.244

Type  : Slow 1100mV 85C Model Setup 'circuito_projeto:main|circuito_projeto_fd:FD|controle_recepcao_serial:controle_serial|registrador_n_initial:modo|IQ[0]'
Slack : -4.971
TNS   : -4.971

Type  : Slow 1100mV 85C Model Hold 'clock'
Slack : 0.326
TNS   : 0.000

Type  : Slow 1100mV 85C Model Hold 'circuito_projeto:main|circuito_projeto_fd:FD|controle_recepcao_serial:controle_serial|registrador_n_initial:modo|IQ[0]'
Slack : 0.525
TNS   : 0.000

Type  : Slow 1100mV 85C Model Recovery 'clock'
Slack : -1.090
TNS   : -237.730

Type  : Slow 1100mV 85C Model Removal 'clock'
Slack : 0.684
TNS   : 0.000

Type  : Slow 1100mV 85C Model Minimum Pulse Width 'clock'
Slack : -0.538
TNS   : -537.237

Type  : Slow 1100mV 85C Model Minimum Pulse Width 'circuito_projeto:main|circuito_projeto_fd:FD|controle_recepcao_serial:controle_serial|registrador_n_initial:modo|IQ[0]'
Slack : 0.454
TNS   : 0.000

Type  : Slow 1100mV 0C Model Setup 'clock'
Slack : -24.382
TNS   : -1983.059

Type  : Slow 1100mV 0C Model Setup 'circuito_projeto:main|circuito_projeto_fd:FD|controle_recepcao_serial:controle_serial|registrador_n_initial:modo|IQ[0]'
Slack : -5.123
TNS   : -5.123

Type  : Slow 1100mV 0C Model Hold 'clock'
Slack : 0.301
TNS   : 0.000

Type  : Slow 1100mV 0C Model Hold 'circuito_projeto:main|circuito_projeto_fd:FD|controle_recepcao_serial:controle_serial|registrador_n_initial:modo|IQ[0]'
Slack : 0.556
TNS   : 0.000

Type  : Slow 1100mV 0C Model Recovery 'clock'
Slack : -1.007
TNS   : -210.562

Type  : Slow 1100mV 0C Model Removal 'clock'
Slack : 0.652
TNS   : 0.000

Type  : Slow 1100mV 0C Model Minimum Pulse Width 'clock'
Slack : -0.538
TNS   : -548.788

Type  : Slow 1100mV 0C Model Minimum Pulse Width 'circuito_projeto:main|circuito_projeto_fd:FD|controle_recepcao_serial:controle_serial|registrador_n_initial:modo|IQ[0]'
Slack : 0.436
TNS   : 0.000

Type  : Fast 1100mV 85C Model Setup 'clock'
Slack : -10.040
TNS   : -642.671

Type  : Fast 1100mV 85C Model Setup 'circuito_projeto:main|circuito_projeto_fd:FD|controle_recepcao_serial:controle_serial|registrador_n_initial:modo|IQ[0]'
Slack : -2.166
TNS   : -2.166

Type  : Fast 1100mV 85C Model Hold 'clock'
Slack : 0.177
TNS   : 0.000

Type  : Fast 1100mV 85C Model Hold 'circuito_projeto:main|circuito_projeto_fd:FD|controle_recepcao_serial:controle_serial|registrador_n_initial:modo|IQ[0]'
Slack : 0.242
TNS   : 0.000

Type  : Fast 1100mV 85C Model Recovery 'clock'
Slack : -0.153
TNS   : -2.370

Type  : Fast 1100mV 85C Model Removal 'clock'
Slack : 0.310
TNS   : 0.000

Type  : Fast 1100mV 85C Model Minimum Pulse Width 'clock'
Slack : -0.097
TNS   : -63.732

Type  : Fast 1100mV 85C Model Minimum Pulse Width 'circuito_projeto:main|circuito_projeto_fd:FD|controle_recepcao_serial:controle_serial|registrador_n_initial:modo|IQ[0]'
Slack : 0.466
TNS   : 0.000

Type  : Fast 1100mV 0C Model Setup 'clock'
Slack : -9.565
TNS   : -543.387

Type  : Fast 1100mV 0C Model Setup 'circuito_projeto:main|circuito_projeto_fd:FD|controle_recepcao_serial:controle_serial|registrador_n_initial:modo|IQ[0]'
Slack : -2.071
TNS   : -2.071

Type  : Fast 1100mV 0C Model Hold 'clock'
Slack : 0.161
TNS   : 0.000

Type  : Fast 1100mV 0C Model Hold 'circuito_projeto:main|circuito_projeto_fd:FD|controle_recepcao_serial:controle_serial|registrador_n_initial:modo|IQ[0]'
Slack : 0.231
TNS   : 0.000

Type  : Fast 1100mV 0C Model Recovery 'clock'
Slack : -0.028
TNS   : -0.294

Type  : Fast 1100mV 0C Model Removal 'clock'
Slack : 0.281
TNS   : 0.000

Type  : Fast 1100mV 0C Model Minimum Pulse Width 'clock'
Slack : -0.098
TNS   : -64.755

Type  : Fast 1100mV 0C Model Minimum Pulse Width 'circuito_projeto:main|circuito_projeto_fd:FD|controle_recepcao_serial:controle_serial|registrador_n_initial:modo|IQ[0]'
Slack : 0.473
TNS   : 0.000

------------------------------------------------------------
