------------------------------------------------------------
Timing Analyzer Summary
------------------------------------------------------------

Type  : Slow 1100mV 85C Model Setup 'clock'
Slack : -23.953
TNS   : -1726.730

Type  : Slow 1100mV 85C Model Hold 'clock'
Slack : 0.317
TNS   : 0.000

Type  : Slow 1100mV 85C Model Recovery 'clock'
Slack : -1.000
TNS   : -180.855

Type  : Slow 1100mV 85C Model Removal 'clock'
Slack : 0.659
TNS   : 0.000

Type  : Slow 1100mV 85C Model Minimum Pulse Width 'clock'
Slack : -0.538
TNS   : -437.637

Type  : Slow 1100mV 0C Model Setup 'clock'
Slack : -25.249
TNS   : -1737.086

Type  : Slow 1100mV 0C Model Hold 'clock'
Slack : 0.301
TNS   : 0.000

Type  : Slow 1100mV 0C Model Recovery 'clock'
Slack : -0.927
TNS   : -162.518

Type  : Slow 1100mV 0C Model Removal 'clock'
Slack : 0.627
TNS   : 0.000

Type  : Slow 1100mV 0C Model Minimum Pulse Width 'clock'
Slack : -0.538
TNS   : -448.691

Type  : Fast 1100mV 85C Model Setup 'clock'
Slack : -10.792
TNS   : -580.003

Type  : Fast 1100mV 85C Model Hold 'clock'
Slack : 0.167
TNS   : 0.000

Type  : Fast 1100mV 85C Model Recovery 'clock'
Slack : -0.075
TNS   : -0.590

Type  : Fast 1100mV 85C Model Removal 'clock'
Slack : 0.301
TNS   : 0.000

Type  : Fast 1100mV 85C Model Minimum Pulse Width 'clock'
Slack : -0.097
TNS   : -51.313

Type  : Fast 1100mV 0C Model Setup 'clock'
Slack : -10.233
TNS   : -494.789

Type  : Fast 1100mV 0C Model Hold 'clock'
Slack : 0.153
TNS   : 0.000

Type  : Fast 1100mV 0C Model Recovery 'clock'
Slack : 0.038
TNS   : 0.000

Type  : Fast 1100mV 0C Model Removal 'clock'
Slack : 0.273
TNS   : 0.000

Type  : Fast 1100mV 0C Model Minimum Pulse Width 'clock'
Slack : -0.098
TNS   : -52.351

------------------------------------------------------------
